2026-07-23 07:45:25,344 | INFO | Framework Started Successfully
2026-07-23 07:45:25,345 | INFO | Configuration Loaded Successfully
2026-07-23 12:34:17,922 | INFO | Framework Started Successfully
2026-07-23 12:34:17,923 | INFO | Configuration Loaded Successfully
2026-07-23 12:47:59,326 | INFO | Framework Started Successfully
2026-07-23 12:47:59,326 | INFO | Configuration Loaded Successfully
2026-07-23 12:48:02,834 | ERROR | SSH connection failed: Authentication failed.
2026-07-23 12:48:02,835 | ERROR | Framework stopped because SSH connection failed.
2026-07-23 12:48:11,414 | INFO | Framework Started Successfully
2026-07-23 12:48:11,414 | INFO | Configuration Loaded Successfully
2026-07-23 12:48:14,902 | ERROR | SSH connection failed: Authentication failed.
2026-07-23 12:48:14,902 | ERROR | Framework stopped because SSH connection failed.
2026-07-23 12:53:14,618 | INFO | Framework Started Successfully
2026-07-23 12:53:14,618 | INFO | Configuration Loaded Successfully
2026-07-23 12:53:18,128 | ERROR | SSH connection failed: Authentication failed.
2026-07-23 12:53:18,128 | ERROR | Framework stopped because SSH connection failed.
2026-07-23 12:57:40,678 | INFO | Framework Started Successfully
2026-07-23 12:57:40,678 | INFO | Configuration Loaded Successfully
2026-07-23 12:57:44,138 | ERROR | SSH connection failed: Authentication failed.
2026-07-23 12:57:44,138 | ERROR | Framework stopped because SSH connection failed.
2026-07-23 12:58:50,443 | INFO | Framework Started Successfully
2026-07-23 12:58:50,443 | INFO | Configuration Loaded Successfully
2026-07-23 12:58:53,951 | ERROR | SSH connection failed: Authentication failed.
2026-07-23 12:58:53,951 | ERROR | Framework stopped because SSH connection failed.
2026-07-23 13:01:55,439 | INFO | Framework Started Successfully
2026-07-23 13:01:55,439 | INFO | Configuration Loaded Successfully
2026-07-23 13:01:55,688 | INFO | SSH connection established successfully.
2026-07-23 13:07:25,801 | INFO | Framework Started Successfully
2026-07-23 13:07:25,801 | INFO | Configuration Loaded Successfully
2026-07-23 13:07:26,014 | INFO | SSH connection established successfully.
2026-07-23 13:08:39,334 | INFO | Framework Started Successfully
2026-07-23 13:08:39,334 | INFO | Configuration Loaded Successfully
2026-07-23 13:08:39,587 | INFO | SSH connection established successfully.
2026-07-24 07:33:01,612 | INFO | Framework Started Successfully
2026-07-24 07:33:01,613 | INFO | Configuration Loaded Successfully
2026-07-24 07:33:02,089 | INFO | SSH connection established successfully.
2026-07-24 07:33:02,089 | INFO | Executing command: hostname
2026-07-24 07:33:03,222 | INFO | Command executed successfully: hostname
2026-07-24 07:33:03,223 | INFO | SSH connection closed successfully.
2026-07-24 07:41:42,118 | INFO | Framework Started Successfully
2026-07-24 07:41:42,118 | INFO | Configuration Loaded Successfully
2026-07-24 07:41:42,371 | INFO | SSH connection established successfully.
2026-07-24 07:41:42,371 | INFO | Executing command: hostname
2026-07-24 07:41:43,300 | INFO | Command executed successfully: hostname
2026-07-24 07:41:43,301 | INFO | SSH connection closed successfully.
2026-07-24 09:24:02,277 | INFO | Framework Started Successfully
2026-07-24 09:24:02,277 | INFO | Configuration Loaded Successfully
2026-07-24 09:24:02,478 | INFO | SSH connection established successfully.
2026-07-24 09:24:02,478 | INFO | Executing command: hostname
2026-07-24 09:24:02,601 | INFO | Command executed successfully: hostname
2026-07-24 09:24:02,601 | INFO | SSH connection closed successfully.
2026-07-24 09:46:20,728 | INFO | Framework Started Successfully
2026-07-24 09:46:20,728 | INFO | Configuration Loaded Successfully
2026-07-24 09:46:20,980 | INFO | SSH connection established successfully.
2026-07-24 09:46:20,980 | INFO | Executing command: hostname
2026-07-24 09:46:21,102 | INFO | Command executed successfully: hostname
2026-07-24 09:46:21,102 | INFO | SSH connection closed successfully.
2026-07-24 09:52:03,753 | INFO | Framework Started Successfully
2026-07-24 09:52:03,753 | INFO | Configuration Loaded Successfully
2026-07-24 09:52:03,985 | INFO | SSH connection established successfully.
2026-07-24 09:52:03,985 | INFO | Executing command: hostname
2026-07-24 09:52:04,099 | INFO | Command executed successfully: hostname
2026-07-24 09:52:04,101 | INFO | SSH connection closed successfully.
